11:07:15 **** Incremental Build of configuration Debug for project power_saving_sleep_mode ****
make -j4 all 
arm-none-eabi-gcc "../Core/Src/main.c" -mcpu=cortex-m3 -std=gnu11 -g3 -DDEBUG -DUSE_HAL_DRIVER -DSTM32L152xC -c -I../Core/Inc -I../Drivers/STM32L1xx_HAL_Driver/Inc -I../Drivers/STM32L1xx_HAL_Driver/Inc/Legacy -I../Drivers/CMSIS/Device/ST/STM32L1xx/Include -I../Drivers/CMSIS/Include -O0 -ffunction-sections -fdata-sections -Wall -fstack-usage -MMD -MP -MF"Core/Src/main.d" -MT"Core/Src/main.o" --specs=nano.specs -mfloat-abi=soft -mthumb -o "Core/Src/main.o"
arm-none-eabi-gcc -o "power_saving_sleep_mode.elf" @"objects.list"   -mcpu=cortex-m3 -T"/home/dnk067/workspace/power_saving_sleep_mode/STM32L152RCTX_FLASH.ld" --specs=nosys.specs -Wl,-Map="power_saving_sleep_mode.map" -Wl,--gc-sections -static --specs=nano.specs -mfloat-abi=soft -mthumb -Wl,--start-group -lc -lm -Wl,--end-group
Finished building target: power_saving_sleep_mode.elf
 
arm-none-eabi-size   power_saving_sleep_mode.elf 
arm-none-eabi-objdump -h -S  power_saving_sleep_mode.elf  > "power_saving_sleep_mode.list"
   text	   data	    bss	    dec	    hex	filename
  11120	     20	   1652	  12792	   31f8	power_saving_sleep_mode.elf
Finished building: default.size.stdout
 
Finished building: power_saving_sleep_mode.list
 

11:07:16 Build Finished. 0 errors, 0 warnings. (took 800ms)

